// Jest Snapshot v1, https://goo.gl/fbAQLP

exports[`Offer details correctly renders after relaunch 1`] = `
<div
  className="page"
>
  <header
    className="header"
  >
    <div
      className="container"
    >
      <div
        className="header__wrapper"
      >
        <div
          className="header__left"
        />
        <nav
          className="header__nav"
        >
          <ul
            className="header__nav-list"
          >
            <li
              className="header__nav-item user"
            />
          </ul>
        </nav>
      </div>
    </div>
  </header>
  <main
    className="page__main page__main--property"
  >
    <section
      className="property"
    >
      <div
        className="property__gallery-container container"
      >
        <div
          className="property__gallery"
        >
          <div
            className="property__image-wrapper"
          >
            <img
              alt="Beautiful & luxurious studio at great location"
              className="property__image"
              src="img/1.png"
            />
          </div>
          <div
            className="property__image-wrapper"
          >
            <img
              alt="Beautiful & luxurious studio at great location"
              className="property__image"
              src="img/2.png"
            />
          </div>
        </div>
      </div>
      <div
        className="property__container container"
      >
        <div
          className="property__wrapper"
        >
          
          <div
            className="property__name-wrapper"
          >
            <h1
              className="property__name"
            >
              Beautiful & luxurious studio at great location
            </h1>
            <button
              className="property__bookmark-button button"
              onClick={[Function]}
              type="button"
            >
              <svg
                className="property__bookmark-icon"
                height="33"
                width="31"
              >
                <use
                  xlinkHref="#icon-bookmark"
                />
              </svg>
              <span
                className="visually-hidden"
              >
                To bookmarks
              </span>
            </button>
          </div>
          <div
            className="property__rating rating"
          >
            <div
              className="property__stars rating__stars"
            >
              <span
                style={
                  Object {
                    "width": "96%",
                  }
                }
              />
              <span
                className="visually-hidden"
              >
                Rating
              </span>
            </div>
            <span
              className="property__rating-value rating__value"
            >
              4.8
            </span>
          </div>
          <ul
            className="property__features"
          >
            <li
              className="property__feature property__feature--entire"
            >
              Apartment
            </li>
            <li
              className="property__feature property__feature--bedrooms"
            >
              3
               Bedrooms
            </li>
            <li
              className="property__feature property__feature--adults"
            >
              Max 
              4
               adults
            </li>
          </ul>
          <div
            className="property__price"
          >
            <b
              className="property__price-value"
            >
              €
              120
            </b>
            <span
              className="property__price-text"
            >
               night
            </span>
          </div>
          <div
            className="property__inside"
          >
            <h2
              className="property__inside-title"
            >
              What's inside
            </h2>
            <ul
              className="property__inside-list"
            >
              <li
                className="property__inside-item"
              >
                Heating
              </li>
              <li
                className="property__inside-item"
              >
                Kitchen
              </li>
              <li
                className="property__inside-item"
              >
                Cable TV
              </li>
              <li
                className="property__inside-item"
              >
                Washing machine
              </li>
              <li
                className="property__inside-item"
              >
                Coffee machine
              </li>
              <li
                className="property__inside-item"
              >
                Dishwasher
              </li>
            </ul>
          </div>
          <div
            className="property__host"
          >
            <h2
              className="property__host-title"
            >
              Meet the host
            </h2>
            <div
              className="property__host-user user"
            >
              <div
                className="property__avatar-wrapper property__avatar-wrapper--pro user__avatar-wrapper"
              >
                <img
                  alt="Host avatar"
                  className="property__avatar user__avatar"
                  height="74"
                  src="../img/1.png"
                  width="74"
                />
              </div>
              <span
                className="property__user-name"
              >
                Angelina
              </span>
              <span
                className="property__user-status"
              >
                
              </span>
            </div>
            <div
              className="property__description"
            >
              <p
                className="property__text"
              >
                A quiet cozy and picturesque that hides behind a a river by the unique lightness of Amsterdam.
              </p>
            </div>
          </div>
          <ReviewList
            id={0}
            isAuthorizationRequired={false}
            onReviewSubmit={[MockFunction]}
            reviews={
              Array [
                Object {
                  "comment": "A quiet cozy and picturesque that hides behind a a river by the unique lightness of Amsterdam.",
                  "date": "2019-05-08T14:13:56.569Z",
                  "id": 1,
                  "rating": 4,
                  "user": Object {
                    "avatar": "img/1.png",
                    "id": 4,
                    "isPro": false,
                    "name": "Max",
                  },
                },
              ]
            }
          />
        </div>
      </div>
      <section
        className="property__map map"
      >
        <Map
          activePin={0}
          city={
            Object {
              "location": Object {
                "latitude": 52.370216,
                "longitude": 4.895168,
                "zoom": 10,
              },
              "name": "Amsterdam",
            }
          }
          offers={
            Array [
              Object {
                "bedrooms": 3,
                "city": Object {
                  "location": Object {
                    "latitude": 52.370216,
                    "longitude": 4.895168,
                    "zoom": 10,
                  },
                  "name": "Amsterdam",
                },
                "coords": Array [
                  52.35514938496378,
                  4.673877537499948,
                ],
                "description": "A quiet cozy and picturesque that hides behind a a river by the unique lightness of Amsterdam.",
                "goods": Array [
                  "Heating",
                  "Kitchen",
                  "Cable TV",
                  "Washing machine",
                  "Coffee machine",
                  "Dishwasher",
                ],
                "host": Object {
                  "avatar": "img/1.png",
                  "id": 0,
                  "isPro": false,
                  "name": "Angelina",
                },
                "id": 0,
                "isBookmarked": false,
                "isPremium": false,
                "locationZoom": 8,
                "maxAdults": 4,
                "photos": Array [
                  "img/1.png",
                  "img/2.png",
                ],
                "picture": "img/1.png",
                "price": 120,
                "rate": 4.8,
                "title": "Beautiful & luxurious studio at great location",
                "type": "apartment",
              },
            ]
          }
        />
      </section>
    </section>
    <div
      className="container"
    >
      <section
        className="near-places places"
      >
        <h2
          className="near-places__title"
        >
          Other places in the neighbourhood
        </h2>
        <OffersList
          activeCard={-1}
          cardType="NEAR"
          mouseEnterHandler={[Function]}
          offers={Array []}
        />
      </section>
    </div>
  </main>
</div>
`;
