// Jest Snapshot v1, https://goo.gl/fbAQLP

exports[`Favorite list correctly renders after relaunch 1`] = `
<div
  className="page"
>
  <header
    className="header"
  >
    <div
      className="container"
    >
      <div
        className="header__wrapper"
      >
        <div
          className="header__left"
        />
        <nav
          className="header__nav"
        >
          <ul
            className="header__nav-list"
          >
            <li
              className="header__nav-item user"
            />
          </ul>
        </nav>
      </div>
    </div>
  </header>
  <main
    className="page__main page__main--favorites"
  >
    <div
      className="page__favorites-container container"
    >
      <section
        className="favorites"
      >
        <h1
          className="favorites__title"
        >
          Saved listing
        </h1>
        <ul
          className="favorites__list"
        >
          <FavoriteCity
            city={
              Object {
                "location": Object {
                  "latitude": 52.370216,
                  "longitude": 4.895168,
                  "zoom": 10,
                },
                "name": "Amsterdam",
              }
            }
            offers={
              Array [
                Object {
                  "bedrooms": 3,
                  "city": Object {
                    "location": Object {
                      "latitude": 52.370216,
                      "longitude": 4.895168,
                      "zoom": 10,
                    },
                    "name": "Amsterdam",
                  },
                  "coords": Array [
                    52.35514938496378,
                    4.673877537499948,
                  ],
                  "description": "A quiet cozy and picturesque that hides behind a a river by the unique lightness of Amsterdam.",
                  "goods": Array [
                    "Heating",
                    "Kitchen",
                    "Cable TV",
                    "Washing machine",
                    "Coffee machine",
                    "Dishwasher",
                  ],
                  "host": Object {
                    "avatar": "img/1.png",
                    "id": 0,
                    "isPro": false,
                    "name": "Angelina",
                  },
                  "id": 0,
                  "isBookmarked": false,
                  "isPremium": false,
                  "locationZoom": 8,
                  "maxAdults": 4,
                  "photos": Array [
                    "img/1.png",
                    "img/2.png",
                  ],
                  "picture": "img/1.png",
                  "price": 120,
                  "rate": 4.8,
                  "title": "Beautiful & luxurious studio at great location",
                  "type": "apartment",
                },
              ]
            }
          />
        </ul>
      </section>
    </div>
  </main>
  <footer
    className="footer container"
  />
</div>
`;
